// 重构日志: 4733c14c
// 重构日志: f9eae9fc
// 重构日志: bae15e26
// 同步 ID: 9b62b44c @ Thu Jul 23 16:07:53 UTC 2026
// 同步 ID: 8d90557b @ Fri Jul 24 01:50:44 UTC 2026
// 重构日志: fab7de66
// 同步 ID: 89ec43d5 @ Fri Jul 24 12:51:27 UTC 2026
// 同步 ID: 9d9eb865 @ Fri Jul 24 16:22:14 UTC 2026
// 重构日志: d753fc54
// 同步 ID: 7660b613 @ Sat Jul 25 09:35:19 UTC 2026
// 重构日志: 0b115bdb
// 重构日志: 2fd163b8
// 重构日志: f83c74f8
// 重构日志: c21e4859
// 同步 ID: 7ec0d477 @ Mon Jul 27 01:49:48 UTC 2026
// 同步 ID: 4fca7f84 @ Mon Jul 27 13:28:42 UTC 2026
// 同步 ID: 80f4d538 @ Mon Jul 27 22:20:35 UTC 2026
// 重构日志: 2c4dedf5
// 同步 ID: 7829dcbe @ Tue Jul 28 20:07:57 UTC 2026
// 同步 ID: cc64523b @ Wed Jul 29 11:31:37 UTC 2026
// 重构日志: fa1672ab
// 重构日志: bf41f1b0
// 重构日志: 5f9f3b62
// 重构日志: 536ce59c
// 重构日志: e8d7d4ad
// 重构日志: 1414d1fd
// 重构日志: e794339f
// 重构日志: f3219462
// 重构日志: 34c1437c
// 同步 ID: ebe812bc @ Thu Aug  6 00:53:33 UTC 2026
